// Jest Snapshot v1, https://goo.gl/fbAQLP

exports[`rendering renders as expected 1`] = `
<TouchableOpacity
  activeOpacity={0.8}
  disabled={false}
  onPress={[Function]}
>
  <Component
    style={
      Array [
        Object {
          "borderRadius": 10,
        },
        Object {
          "marginHorizontal": 16,
        },
        Object {
          "alignItems": "center",
          "justifyContent": "center",
        },
        Object {
          "elevation": 2,
          "shadowColor": "#000",
          "shadowOffset": Object {
            "height": 4,
            "width": 0,
          },
          "shadowOpacity": 0.2,
          "shadowRadius": 4,
        },
      ]
    }
  >
    <LinearGradient
      colors={
        Array [
          "#154BBA",
          "#107EC2",
        ]
      }
      end={
        Array [
          1,
          0,
        ]
      }
      start={
        Array [
          0,
          0,
        ]
      }
      style={
        Array [
          Object {
            "width": "100%",
          },
          Object {
            "borderRadius": 10,
            "padding": 8,
          },
          Object {
            "alignItems": "center",
            "justifyContent": "center",
          },
        ]
      }
    >
      <BodyText
        align=""
        center={true}
        color="white"
        text="Continuar"
        weight="medium"
      />
    </LinearGradient>
  </Component>
</TouchableOpacity>
`;
