// Jest Snapshot v1, https://goo.gl/fbAQLP

exports[`rendering renders as expected 1`] = `
<TouchableOpacity
  activeOpacity={0.7}
  onPress={[Function]}
>
  <Component
    source={1}
    style={
      Object {
        "height": 100,
        "width": 100,
      }
    }
  />
</TouchableOpacity>
`;
